
> react_app@0.1.0 build
> cross-env NODE_OPTIONS=--max-old-space-size=4096 next build

   Γû▓ Next.js 15.3.5
   - Environments: .env.local

   Creating an optimized production build ...
 Γ£ô Compiled successfully in 2000ms
   Linting and checking validity of types ...
node.exe : 
At line:1 char:1
+ & "C:\Program 
Files\nodejs/node.exe" 
"C:\Program 
Files\nodejs/node_mo ...
+ ~~~~~~~~~~~~~~~~~~~~~~~~~~
~~~~~~~~~~~~~~~~~~~~~~~~~~~~
~~~~~~~~~~~~~~~
    + CategoryInfo          
    : NotSpecified: (:Stri  
  ng) [], RemoteException
    + FullyQualifiedErrorId 
    : NativeCommandError
 
Failed to compile.

./src/app/vps/page.tsx
5:10  Error: 'motion' is 
defined but never used.  @ty
pescript-eslint/no-unused-va
rs

./src/app/web-hosting/page.t
sx
3:8  Error: 'Link' is 
defined but never used.  @ty
pescript-eslint/no-unused-va
rs

info  - Need to disable 
some ESLint rules? Learn 
more here: https://nextjs.or
g/docs/app/api-reference/con
fig/eslint#disabling-rules
