
> react_app@1.3.0 build
> cross-env NODE_OPTIONS=--max-old-space-size=4096 next build

   Γû▓ Next.js 15.5.7
   - Environments: .env.local
   - Experiments (use with caution):
     ┬╖ optimizePackageImports

   Creating an optimized production build ...
 Γ£ô Compiled successfully in 6.5s
   Linting and checking validity of types ...

./src/app/layout.tsx
31:9  Warning: Prefer `next/script` component when using the inline script for Google Analytics. See: https://nextjs.org/docs/messages/next-script-for-ga  @next/next/next-script-for-ga

info  - Need to disable some ESLint rules? Learn more here: https://nextjs.org/docs/app/api-reference/config/eslint#disabling-rules
   Collecting page data ...
   Generating static pages (0/13) ...
node.exe : 
At line:1 char:1
+ & "C:\Program 
Files\nodejs/node.exe" 
"C:\Program 
Files\nodejs/node_mo ...
+ ~~~~~~~~~~~~~~~~~~~~~~~~~~~
~~~~~~~~~~~~~~~~~~~~~~~~~~~~~
~~~~~~~~~~~~~
    + CategoryInfo           
   : NotSpecified: (:String  
  ) [], RemoteException
    + FullyQualifiedErrorId  
   : NativeCommandError
 
<--- Last few GCs --->

[22552:000001EF08E3F000]    
23756 ms: Scavenge 186.2 
(253.5) -> 126.2 (253.5) MB, 
pooled: 0 MB, 3.49 / 0.01 ms 
 (average mu = 0.997, 
current mu = 0.996) 
allocation failure; 
[22552:000001EF08E3F000]    
23960 ms: Scavenge 182.7 
(253.8) -> 127.1 (256.5) MB, 
pooled: 0 MB, 3.28 / 0.01 ms 
 (average mu = 0.997, 
current mu = 0.996) task; 
[22552:000001EF08E3F000]    
24095 ms: Scavenge 160.0 
(256.8) -> 132.7 (257.8) MB, 
pooled: 0 MB, 3.56 / 0.01 ms 
 (average mu = 0.997, 
current mu = 0.996) 
allocation failure; 

FATAL ERROR: Zone Allocation 
failed - process out of 
memory
----- Native stack trace 
-----


<--- Last few GCs --->

[22552:000001EF08E3F000]    
23756 ms: Scavenge 186.2 
(253.5) -> 126.2 (253.5) MB, 
pooled: 0 MB, 3.49 / 0.01 ms 
 (average mu = 0.997, 
current mu = 0.996) 
allocation failure; 
[22552:000001EF08E3F000]    
23960 ms: Scavenge 182.7 
(253.8) -> 127.1 (256.5) MB, 
pooled: 0 MB, 3.28 / 0.01 ms 
 (average mu = 0.997, 
current mu = 0.996) task; 
[22552:000001EF08E3F000]    
24095 ms: Scavenge 160.0 
(256.8) -> 132.7 (257.8) MB, 
pooled: 0 MB, 3.56 / 0.01 ms 
 (average mu = 0.997, 
current mu = 0.996) 
allocation failure; 

FATAL ERROR: Zone Allocation 
failed - process out of 
memory
----- Native stack trace 
-----

 1: 00007FF76C12AA39 
 2: 00007FF76CD6CD07 
 3: 00007FF76C6E7CC6 
 4: 00007FF76C2A8FBA 
 5: 00007FF76C2AB281 
 6: 00007FF76D93EA6C 
 7: 00007FF76D93A88A 
 8: 00007FF76D93A449 
 9: 00007FF76D944C39 
10: 00007FF76D9437D9 
11: 00007FF76D93EC87 
12: 00007FF76D93DE11 
13: 00007FF76D96DE38 
14: 00007FF76D93A5C0 
15: 00007FF76D939F0C 
16: 00007FF76D939491 
17: 00007FF76D9391EF 
18: 00007FF76D745C26 
19: 00007FF76D73E496 
20: 00007FF76D73D910 
21: 00007FF76CCE098F 
22: 00007FF76CCA5A1D 
23: 00007FF76CCA5715 
24: 00007FF76D53C29F 
25: 00007FF76C07EB4E 
26: 00007FF76CDC2056 
27: 00007FF76E000373 
28: 00007FFA4B80E8D7 
BaseThreadInitThunk+23
29: 00007FFA4CECC3FC 
RtlUserThreadStart+44
